exit=0

.heartbeat-streak
0

.inactive-outcome-reconcile
epoch=1790976405
cursor=

.last-check

.last-heartbeat

.last-watcher-beat

.secondmate-liveness-tick

.supervise-daemon.log
[2026-10-02T15:26:46-0600] daemon starting (pid 48866); target=%0; target_source=TMUX_PANE; backend=tmux; backend_source=TMUX_PANE; afk=off; inject_skip='heartbeat'; stale_escalate=240s; batch=90s
[2026-10-02T15:26:47-0600] daemon shutting down

.supervise-daemon.watcher.err

.watch-deliveries.log
48929	Fri Oct  2 15:26:46 2026     bash /Users/admin/.no-mistakes/worktrees/57ee2c16a82d/01M3Z7YFRS4QVQKKSD63H7KXD4/bin/fm-watch.sh	check: rearm-resurface

.watcher-down
announced:downtime:48282.1790976405.jZEEob

home-summary.json
{
  "schema": "fm-secondmate-home-summary.v1",
  "hold_classifier_schema": "fm-captain-hold-buckets.v1",
  "contributions": {
    "known": 0,
    "checked": 0,
    "counts": {
      "captain": 0,
      "fleet": 0,
      "maintainer": 0,
      "nobody": 0
    },
    "unmeasured": 0,
    "complete": false,
    "proven_clear": false,
    "stale_verdicts": 0,
    "missing_verdicts": 0,
    "unreadable_records": 1,
    "valid_until": 900,
    "captain": [],
    "captain_omitted": 0
  },
  "generated": "2026-10-02T21:26:45Z",
  "generated_epoch": 1790976405,
  "home": "/Users/admin/.no-mistakes/worktrees/57ee2c16a82d/01M3Z7YFRS4QVQKKSD63H7KXD4/.l",
  "valid": false,
  "reason": "missing structured backlog",
  "invalidity": {
    "kind": "missing_backlog",
    "ids": []
  },
  "state": "unknown",
  "active_children": [],
  "decisions_open": [],
  "holds": [],
  "queued": [],
  "landed": [],
  "endpoints": [],
  "counts": {
    "active_children": 0,
    "decisions_open": 0,
    "holds": 0,
    "queued": 0,
    "landed": 0,
    "endpoints": 0
  },
  "omitted": []
}

terminal-outcomes [directory]