# guard-first-missing-record
HEAD 937437e506016e39fe74dc4cd10cf78c1b7d906b
COMMANDS
bin/fm-afk-launch.sh start without pane handles
PRODUCT OUTPUT
fm-afk-launch: an away-posture record is required; run enter before starting the daemon
{
  "afk": false,
  "terminal": false,
  "contract": false,
  "daemon_pid": false,
  "daemon_lock": false,
  "launcher_lock": false
}
OBSERVED STATE
{
  "refused": true,
  "earlier_guard_message": true,
  "no_UNAVAILABLE_message": true,
  "no_discovery_log": true,
  "no_daemon_or_launcher_lock": true
}
