# guard-first-pending-return
HEAD 937437e506016e39fe74dc4cd10cf78c1b7d906b
COMMANDS
bin/fm-afk-launch.sh start without pane handles
PRODUCT OUTPUT
fm-afk-launch: return catch-up is still pending; run bin/fm-afk-return.sh check before re-entering away mode
{
  "afk": false,
  "terminal": false,
  "contract": true,
  "daemon_pid": false,
  "daemon_lock": false,
  "launcher_lock": false
}
OBSERVED STATE
{
  "refused": true,
  "earlier_guard_message": true,
  "no_UNAVAILABLE_message": true,
  "no_discovery_log": true,
  "no_daemon_or_launcher_lock": true
}
