# native-known-limitation
HEAD 937437e506016e39fe74dc4cd10cf78c1b7d906b
COMMANDS
bin/fm-afk-launch.sh enter; bin/fm-afk-launch.sh start-native
bin/fm-supervise-daemon.sh without pane handles
PRODUCT OUTPUT
{
  "rc": 1,
  "armed": false,
  "alive_when_observed": false,
  "stderr": "error: away-mode pane escalation unavailable: no operator pane handle (target_source=UNAVAILABLE; no FM_SUPERVISOR_TARGET, TMUX_PANE, or HERDR_ENV+HERDR_PANE_ID); refusing to arm - set FM_SUPERVISOR_TARGET and FM_SUPERVISOR_BACKEND to firstmate's own pane\n",
  "log": "[2026-10-02T21:46:24-0600] startup refused: away-mode pane escalation unavailable; target_source=UNAVAILABLE; backend_source=FALLBACK(tmux)\n",
  "state": {
    "afk": true,
    "terminal": true,
    "contract": true,
    "daemon_pid": false,
    "daemon_lock": false,
    "launcher_lock": false
  }
}
OBSERVED STATE
{
  "preparation_succeeded": true,
  "daemon_refused_rc_1": true,
  "afk_flag_remains_as_documented": true,
  "refusal_durable": true,
  "no_live_daemon_lock_or_pid": true
}
